<?xml version="1.0" encoding="ISO-8859-1" ?>
<link_info>
   <banner>TI ARM Linker PC v20.2.5.LTS</banner>
   <copyright>Copyright (c) 1996-2018 Texas Instruments Incorporated</copyright>
   <link_time>0x60f95697</link_time>
   <link_errors>0x0</link_errors>
   <output_file>TA006.out</output_file>
   <entry_point>
      <name>resetISR</name>
      <address>0x4f9d</address>
   </entry_point>
   <input_file_list>
      <input_file id="fl-2">
         <path>.\</path>
         <kind>object</kind>
         <file>main_nortos.obj</file>
         <name>main_nortos.obj</name>
      </input_file>
      <input_file id="fl-3">
         <path>.\syscfg\</path>
         <kind>object</kind>
         <file>ti_devices_config.obj</file>
         <name>ti_devices_config.obj</name>
      </input_file>
      <input_file id="fl-4">
         <path>.\syscfg\</path>
         <kind>object</kind>
         <file>ti_drivers_config.obj</file>
         <name>ti_drivers_config.obj</name>
      </input_file>
      <input_file id="fl-d">
         <kind>object</kind>
         <file>&lt;internal&gt;</file>
         <name>&lt;internal&gt;</name>
      </input_file>
      <input_file id="fl-e">
         <path>C:\ti\simplelink_cc13x2_26x2_sdk_5_10_00_48\source\ti\drivers\lib\ccs\m4f\</path>
         <kind>archive</kind>
         <file>drivers_cc13x2.a</file>
         <name>UART.oem4f</name>
      </input_file>
      <input_file id="fl-f">
         <path>C:\ti\simplelink_cc13x2_26x2_sdk_5_10_00_48\source\ti\drivers\lib\ccs\m4f\</path>
         <kind>archive</kind>
         <file>drivers_cc13x2.a</file>
         <name>UART2.oem4f</name>
      </input_file>
      <input_file id="fl-10">
         <path>C:\ti\simplelink_cc13x2_26x2_sdk_5_10_00_48\source\ti\drivers\lib\ccs\m4f\</path>
         <kind>archive</kind>
         <file>drivers_cc13x2.a</file>
         <name>RingBuf.oem4f</name>
      </input_file>
      <input_file id="fl-11">
         <path>C:\ti\simplelink_cc13x2_26x2_sdk_5_10_00_48\source\ti\drivers\lib\ccs\m4f\</path>
         <kind>archive</kind>
         <file>drivers_cc13x2.a</file>
         <name>GPIOCC26XX.oem4f</name>
      </input_file>
      <input_file id="fl-12">
         <path>C:\ti\simplelink_cc13x2_26x2_sdk_5_10_00_48\source\ti\drivers\lib\ccs\m4f\</path>
         <kind>archive</kind>
         <file>drivers_cc13x2.a</file>
         <name>PINCC26XX.oem4f</name>
      </input_file>
      <input_file id="fl-13">
         <path>C:\ti\simplelink_cc13x2_26x2_sdk_5_10_00_48\source\ti\drivers\lib\ccs\m4f\</path>
         <kind>archive</kind>
         <file>drivers_cc13x2.a</file>
         <name>PowerCC26X2.oem4f</name>
      </input_file>
      <input_file id="fl-14">
         <path>C:\ti\simplelink_cc13x2_26x2_sdk_5_10_00_48\source\ti\drivers\lib\ccs\m4f\</path>
         <kind>archive</kind>
         <file>drivers_cc13x2.a</file>
         <name>PowerCC26X2_calibrateRCOSC.oem4f</name>
      </input_file>
      <input_file id="fl-15">
         <path>C:\ti\simplelink_cc13x2_26x2_sdk_5_10_00_48\source\ti\drivers\lib\ccs\m4f\</path>
         <kind>archive</kind>
         <file>drivers_cc13x2.a</file>
         <name>TemperatureCC26X2.oem4f</name>
      </input_file>
      <input_file id="fl-16">
         <path>C:\ti\simplelink_cc13x2_26x2_sdk_5_10_00_48\source\ti\drivers\lib\ccs\m4f\</path>
         <kind>archive</kind>
         <file>drivers_cc13x2.a</file>
         <name>UART2CC26X2.oem4f</name>
      </input_file>
      <input_file id="fl-17">
         <path>C:\ti\simplelink_cc13x2_26x2_sdk_5_10_00_48\source\ti\drivers\lib\ccs\m4f\</path>
         <kind>archive</kind>
         <file>drivers_cc13x2.a</file>
         <name>UARTCC26XX.oem4f</name>
      </input_file>
      <input_file id="fl-18">
         <path>C:\ti\simplelink_cc13x2_26x2_sdk_5_10_00_48\source\ti\drivers\lib\ccs\m4f\</path>
         <kind>archive</kind>
         <file>drivers_cc13x2.a</file>
         <name>List.oem4f</name>
      </input_file>
      <input_file id="fl-19">
         <path>C:\ti\simplelink_cc13x2_26x2_sdk_5_10_00_48\source\ti\drivers\lib\ccs\m4f\</path>
         <kind>archive</kind>
         <file>drivers_cc13x2.a</file>
         <name>UDMACC26XX.oem4f</name>
      </input_file>
      <input_file id="fl-1a">
         <path>C:\ti\simplelink_cc13x2_26x2_sdk_5_10_00_48\kernel\nortos\lib\ccs\m4f\</path>
         <kind>archive</kind>
         <file>nortos_cc13x2.a</file>
         <name>NoRTOS.oem4f</name>
      </input_file>
      <input_file id="fl-1b">
         <path>C:\ti\simplelink_cc13x2_26x2_sdk_5_10_00_48\kernel\nortos\lib\ccs\m4f\</path>
         <kind>archive</kind>
         <file>nortos_cc13x2.a</file>
         <name>SemaphoreP_nortos.oem4f</name>
      </input_file>
      <input_file id="fl-1c">
         <path>C:\ti\simplelink_cc13x2_26x2_sdk_5_10_00_48\kernel\nortos\lib\ccs\m4f\</path>
         <kind>archive</kind>
         <file>nortos_cc13x2.a</file>
         <name>SwiP_nortos.oem4f</name>
      </input_file>
      <input_file id="fl-1d">
         <path>C:\ti\simplelink_cc13x2_26x2_sdk_5_10_00_48\kernel\nortos\lib\ccs\m4f\</path>
         <kind>archive</kind>
         <file>nortos_cc13x2.a</file>
         <name>ClockPTimer_nortos.oem4f</name>
      </input_file>
      <input_file id="fl-1e">
         <path>C:\ti\simplelink_cc13x2_26x2_sdk_5_10_00_48\kernel\nortos\lib\ccs\m4f\</path>
         <kind>archive</kind>
         <file>nortos_cc13x2.a</file>
         <name>TimerPCC26XX_nortos.oem4f</name>
      </input_file>
      <input_file id="fl-1f">
         <path>C:\ti\simplelink_cc13x2_26x2_sdk_5_10_00_48\kernel\nortos\lib\ccs\m4f\</path>
         <kind>archive</kind>
         <file>nortos_cc13x2.a</file>
         <name>HwiPCC26XX_nortos.oem4f</name>
      </input_file>
      <input_file id="fl-20">
         <path>C:\ti\simplelink_cc13x2_26x2_sdk_5_10_00_48\kernel\nortos\lib\ccs\m4f\</path>
         <kind>archive</kind>
         <file>nortos_cc13x2.a</file>
         <name>PowerCC26X2_nortos.oem4f</name>
      </input_file>
      <input_file id="fl-21">
         <path>C:\ti\simplelink_cc13x2_26x2_sdk_5_10_00_48\kernel\nortos\lib\ccs\m4f\</path>
         <kind>archive</kind>
         <file>nortos_cc13x2.a</file>
         <name>startup_cc13x2_cc26x2_ccs.oem4f</name>
      </input_file>
      <input_file id="fl-22">
         <path>C:\ti\simplelink_cc13x2_26x2_sdk_5_10_00_48\kernel\nortos\lib\ccs\m4f\</path>
         <kind>archive</kind>
         <file>nortos_cc13x2.a</file>
         <name>QueueP_nortos.oem4f</name>
      </input_file>
      <input_file id="fl-23">
         <path>C:\ti\simplelink_cc13x2_26x2_sdk_5_10_00_48\source\ti\devices\cc13x2_cc26x2\driverlib\bin\ccs\</path>
         <kind>archive</kind>
         <file>driverlib.lib</file>
         <name>chipinfo.obj</name>
      </input_file>
      <input_file id="fl-24">
         <path>C:\ti\simplelink_cc13x2_26x2_sdk_5_10_00_48\source\ti\devices\cc13x2_cc26x2\driverlib\bin\ccs\</path>
         <kind>archive</kind>
         <file>driverlib.lib</file>
         <name>cpu.obj</name>
      </input_file>
      <input_file id="fl-25">
         <path>C:\ti\simplelink_cc13x2_26x2_sdk_5_10_00_48\source\ti\devices\cc13x2_cc26x2\driverlib\bin\ccs\</path>
         <kind>archive</kind>
         <file>driverlib.lib</file>
         <name>driverlib_release.obj</name>
      </input_file>
      <input_file id="fl-26">
         <path>C:\ti\simplelink_cc13x2_26x2_sdk_5_10_00_48\source\ti\devices\cc13x2_cc26x2\driverlib\bin\ccs\</path>
         <kind>archive</kind>
         <file>driverlib.lib</file>
         <name>interrupt.obj</name>
      </input_file>
      <input_file id="fl-27">
         <path>C:\ti\simplelink_cc13x2_26x2_sdk_5_10_00_48\source\ti\devices\cc13x2_cc26x2\driverlib\bin\ccs\</path>
         <kind>archive</kind>
         <file>driverlib.lib</file>
         <name>osc.obj</name>
      </input_file>
      <input_file id="fl-28">
         <path>C:\ti\simplelink_cc13x2_26x2_sdk_5_10_00_48\source\ti\devices\cc13x2_cc26x2\driverlib\bin\ccs\</path>
         <kind>archive</kind>
         <file>driverlib.lib</file>
         <name>prcm.obj</name>
      </input_file>
      <input_file id="fl-29">
         <path>C:\ti\simplelink_cc13x2_26x2_sdk_5_10_00_48\source\ti\devices\cc13x2_cc26x2\driverlib\bin\ccs\</path>
         <kind>archive</kind>
         <file>driverlib.lib</file>
         <name>setup.obj</name>
      </input_file>
      <input_file id="fl-2a">
         <path>C:\ti\simplelink_cc13x2_26x2_sdk_5_10_00_48\source\ti\devices\cc13x2_cc26x2\driverlib\bin\ccs\</path>
         <kind>archive</kind>
         <file>driverlib.lib</file>
         <name>sys_ctrl.obj</name>
      </input_file>
      <input_file id="fl-2b">
         <path>C:\ti\simplelink_cc13x2_26x2_sdk_5_10_00_48\source\ti\devices\cc13x2_cc26x2\driverlib\bin\ccs\</path>
         <kind>archive</kind>
         <file>driverlib.lib</file>
         <name>aux_sysif.obj</name>
      </input_file>
      <input_file id="fl-e1">
         <path>C:\ti\ccs1040\ccs\tools\compiler\ti-cgt-arm_20.2.5.LTS\lib\</path>
         <kind>archive</kind>
         <file>rtsv7M4_T_le_v4SPD16_eabi.lib</file>
         <name>ll_asr_t2.asm.obj</name>
      </input_file>
      <input_file id="fl-e2">
         <path>C:\ti\ccs1040\ccs\tools\compiler\ti-cgt-arm_20.2.5.LTS\lib\</path>
         <kind>archive</kind>
         <file>rtsv7M4_T_le_v4SPD16_eabi.lib</file>
         <name>ll_mul_t2.asm.obj</name>
      </input_file>
      <input_file id="fl-e3">
         <path>C:\ti\ccs1040\ccs\tools\compiler\ti-cgt-arm_20.2.5.LTS\lib\</path>
         <kind>archive</kind>
         <file>rtsv7M4_T_le_v4SPD16_eabi.lib</file>
         <name>memcpy_t2.asm.obj</name>
      </input_file>
      <input_file id="fl-e4">
         <path>C:\ti\ccs1040\ccs\tools\compiler\ti-cgt-arm_20.2.5.LTS\lib\</path>
         <kind>archive</kind>
         <file>rtsv7M4_T_le_v4SPD16_eabi.lib</file>
         <name>ll_div_t2.asm.obj</name>
      </input_file>
      <input_file id="fl-e5">
         <path>C:\ti\ccs1040\ccs\tools\compiler\ti-cgt-arm_20.2.5.LTS\lib\</path>
         <kind>archive</kind>
         <file>rtsv7M4_T_le_v4SPD16_eabi.lib</file>
         <name>ull_div_t2.asm.obj</name>
      </input_file>
      <input_file id="fl-e6">
         <path>C:\ti\ccs1040\ccs\tools\compiler\ti-cgt-arm_20.2.5.LTS\lib\</path>
         <kind>archive</kind>
         <file>rtsv7M4_T_le_v4SPD16_eabi.lib</file>
         <name>memset_t2.asm.obj</name>
      </input_file>
      <input_file id="fl-e7">
         <path>C:\ti\ccs1040\ccs\tools\compiler\ti-cgt-arm_20.2.5.LTS\lib\</path>
         <kind>archive</kind>
         <file>rtsv7M4_T_le_v4SPD16_eabi.lib</file>
         <name>copy_zero_init.c.obj</name>
      </input_file>
      <input_file id="fl-e8">
         <path>C:\ti\ccs1040\ccs\tools\compiler\ti-cgt-arm_20.2.5.LTS\lib\</path>
         <kind>archive</kind>
         <file>rtsv7M4_T_le_v4SPD16_eabi.lib</file>
         <name>copy_decompress_none.c.obj</name>
      </input_file>
      <input_file id="fl-e9">
         <path>C:\ti\ccs1040\ccs\tools\compiler\ti-cgt-arm_20.2.5.LTS\lib\</path>
         <kind>archive</kind>
         <file>rtsv7M4_T_le_v4SPD16_eabi.lib</file>
         <name>copy_decompress_lzss.c.obj</name>
      </input_file>
      <input_file id="fl-ea">
         <path>C:\ti\ccs1040\ccs\tools\compiler\ti-cgt-arm_20.2.5.LTS\lib\</path>
         <kind>archive</kind>
         <file>rtsv7M4_T_le_v4SPD16_eabi.lib</file>
         <name>memory.c.obj</name>
      </input_file>
      <input_file id="fl-eb">
         <path>C:\ti\ccs1040\ccs\tools\compiler\ti-cgt-arm_20.2.5.LTS\lib\</path>
         <kind>archive</kind>
         <file>rtsv7M4_T_le_v4SPD16_eabi.lib</file>
         <name>strcmp.c.obj</name>
      </input_file>
      <input_file id="fl-ec">
         <path>C:\ti\ccs1040\ccs\tools\compiler\ti-cgt-arm_20.2.5.LTS\lib\</path>
         <kind>archive</kind>
         <file>rtsv7M4_T_le_v4SPD16_eabi.lib</file>
         <name>boot_cortex_m.c.obj</name>
      </input_file>
      <input_file id="fl-ed">
         <path>C:\ti\ccs1040\ccs\tools\compiler\ti-cgt-arm_20.2.5.LTS\lib\</path>
         <kind>archive</kind>
         <file>rtsv7M4_T_le_v4SPD16_eabi.lib</file>
         <name>div0.asm.obj</name>
      </input_file>
      <input_file id="fl-ee">
         <path>C:\ti\ccs1040\ccs\tools\compiler\ti-cgt-arm_20.2.5.LTS\lib\</path>
         <kind>archive</kind>
         <file>rtsv7M4_T_le_v4SPD16_eabi.lib</file>
         <name>autoinit.c.obj</name>
      </input_file>
      <input_file id="fl-ef">
         <path>C:\ti\ccs1040\ccs\tools\compiler\ti-cgt-arm_20.2.5.LTS\lib\</path>
         <kind>archive</kind>
         <file>rtsv7M4_T_le_v4SPD16_eabi.lib</file>
         <name>pre_init.c.obj</name>
      </input_file>
      <input_file id="fl-f0">
         <path>C:\ti\ccs1040\ccs\tools\compiler\ti-cgt-arm_20.2.5.LTS\lib\</path>
         <kind>archive</kind>
         <file>rtsv7M4_T_le_v4SPD16_eabi.lib</file>
         <name>cpy_tbl.c.obj</name>
      </input_file>
      <input_file id="fl-f1">
         <path>C:\ti\ccs1040\ccs\tools\compiler\ti-cgt-arm_20.2.5.LTS\lib\</path>
         <kind>archive</kind>
         <file>rtsv7M4_T_le_v4SPD16_eabi.lib</file>
         <name>exit.c.obj</name>
      </input_file>
      <input_file id="fl-f2">
         <path>C:\ti\ccs1040\ccs\tools\compiler\ti-cgt-arm_20.2.5.LTS\lib\</path>
         <kind>archive</kind>
         <file>rtsv7M4_T_le_v4SPD16_eabi.lib</file>
         <name>_lock.c.obj</name>
      </input_file>
      <input_file id="fl-f3">
         <path>C:\ti\ccs1040\ccs\tools\compiler\ti-cgt-arm_20.2.5.LTS\lib\</path>
         <kind>archive</kind>
         <file>rtsv7M4_T_le_v4SPD16_eabi.lib</file>
         <name>args_main.c.obj</name>
      </input_file>
   </input_file_list>
   <object_component_list>
      <object_component id="oc-1d">
         <name>.intvecs</name>
         <load_address>0x0</load_address>
         <run_address>0x0</run_address>
         <size>0xd8</size>
         <input_file_ref idref="fl-21"/>
      </object_component>
      <object_component id="oc-1e0">
         <name>.text:mainThread</name>
         <load_address>0xd8</load_address>
         <run_address>0xd8</run_address>
         <size>0x362</size>
         <input_file_ref idref="fl-2"/>
      </object_component>
      <object_component id="oc-499">
         <name>.text:UART2_writeTimeout</name>
         <load_address>0x43a</load_address>
         <run_address>0x43a</run_address>
         <size>0x278</size>
         <input_file_ref idref="fl-f"/>
      </object_component>
      <object_component id="oc-258">
         <name>.text:Board_initHook</name>
         <load_address>0x6b2</load_address>
         <run_address>0x6b2</run_address>
         <size>0x2</size>
         <input_file_ref idref="fl-4"/>
      </object_component>
      <object_component id="oc-28d">
         <name>.text:UART2_open</name>
         <load_address>0x6b4</load_address>
         <run_address>0x6b4</run_address>
         <size>0x230</size>
         <input_file_ref idref="fl-16"/>
      </object_component>
      <object_component id="oc-48e">
         <name>.text:UART2_readTimeout</name>
         <load_address>0x8e4</load_address>
         <run_address>0x8e4</run_address>
         <size>0x200</size>
         <input_file_ref idref="fl-f"/>
      </object_component>
      <object_component id="oc-24c">
         <name>.text:PIN_init</name>
         <load_address>0xae4</load_address>
         <run_address>0xae4</run_address>
         <size>0x1f4</size>
         <input_file_ref idref="fl-12"/>
      </object_component>
      <object_component id="oc-45b">
         <name>.text:UART2CC26X2_hwiIntFxn</name>
         <load_address>0xcd8</load_address>
         <run_address>0xcd8</run_address>
         <size>0x1f4</size>
         <input_file_ref idref="fl-16"/>
      </object_component>
      <object_component id="oc-78d">
         <name>.text:Power_sleep</name>
         <load_address>0xecc</load_address>
         <run_address>0xecc</run_address>
         <size>0x198</size>
         <input_file_ref idref="fl-13"/>
      </object_component>
      <object_component id="oc-520">
         <name>.text:calibrateRcoscHf1</name>
         <load_address>0x1064</load_address>
         <run_address>0x1064</run_address>
         <size>0x190</size>
         <input_file_ref idref="fl-14"/>
      </object_component>
      <object_component id="oc-7c3">
         <name>.text:runCalibrateFsm</name>
         <load_address>0x11f4</load_address>
         <run_address>0x11f4</run_address>
         <size>0x18c</size>
         <input_file_ref idref="fl-14"/>
      </object_component>
      <object_component id="oc-246">
         <name>.text:Power_init</name>
         <load_address>0x1380</load_address>
         <run_address>0x1380</run_address>
         <size>0x174</size>
         <input_file_ref idref="fl-13"/>
      </object_component>
      <object_component id="oc-848">
         <name>.text:UARTCC26XX_open</name>
         <load_address>0x14f4</load_address>
         <run_address>0x14f4</run_address>
         <size>0x164</size>
         <input_file_ref idref="fl-17"/>
      </object_component>
      <object_component id="oc-997">
         <name>.text:UARTCC26XX_hwiIntFxn</name>
         <load_address>0x1658</load_address>
         <run_address>0x1658</run_address>
         <size>0x154</size>
         <input_file_ref idref="fl-17"/>
      </object_component>
      <object_component id="oc-84e">
         <name>.text:UARTCC26XX_read</name>
         <load_address>0x17ac</load_address>
         <run_address>0x17ac</run_address>
         <size>0x13a</size>
         <input_file_ref idref="fl-17"/>
      </object_component>
      <object_component id="oc-aae">
         <name>.text:IntDefaultHandler</name>
         <load_address>0x18e6</load_address>
         <run_address>0x18e6</run_address>
         <size>0x2</size>
         <input_file_ref idref="fl-26"/>
      </object_component>
      <object_component id="oc-440">
         <name>.text:UART2CC26X2_initHw</name>
         <load_address>0x18e8</load_address>
         <run_address>0x18e8</run_address>
         <size>0x12c</size>
         <input_file_ref idref="fl-16"/>
      </object_component>
      <object_component id="oc-53b">
         <name>.text:configureXOSCHF</name>
         <load_address>0x1a14</load_address>
         <run_address>0x1a14</run_address>
         <size>0x120</size>
         <input_file_ref idref="fl-13"/>
      </object_component>
      <object_component id="oc-347">
         <name>.text:PINCC26XX_setIoCfg</name>
         <load_address>0x1b34</load_address>
         <run_address>0x1b34</run_address>
         <size>0x114</size>
         <input_file_ref idref="fl-12"/>
      </object_component>
      <object_component id="oc-275">
         <name>.text:GPIO_setConfig</name>
         <load_address>0x1c48</load_address>
         <run_address>0x1c48</run_address>
         <size>0x110</size>
         <input_file_ref idref="fl-11"/>
      </object_component>
      <object_component id="oc-963">
         <name>.text:aligned_alloc</name>
         <load_address>0x1d58</load_address>
         <run_address>0x1d58</run_address>
         <size>0x100</size>
         <input_file_ref idref="fl-ea"/>
      </object_component>
      <object_component id="oc-918">
         <name>.text:NOROM_SysCtrlStandby</name>
         <load_address>0x1e58</load_address>
         <run_address>0x1e58</run_address>
         <size>0xf0</size>
         <input_file_ref idref="fl-2a"/>
      </object_component>
      <object_component id="oc-47a">
         <name>.text:UART2Support_dmaStartRx</name>
         <load_address>0x1f48</load_address>
         <run_address>0x1f48</run_address>
         <size>0xe8</size>
         <input_file_ref idref="fl-16"/>
      </object_component>
      <object_component id="oc-5c2">
         <name>.text:free</name>
         <load_address>0x2030</load_address>
         <run_address>0x2030</run_address>
         <size>0xe4</size>
         <input_file_ref idref="fl-ea"/>
      </object_component>
      <object_component id="oc-4f6">
         <name>.text:PowerCC26XX_standbyPolicy</name>
         <load_address>0x2114</load_address>
         <run_address>0x2114</run_address>
         <size>0xe0</size>
         <input_file_ref idref="fl-20"/>
      </object_component>
      <object_component id="oc-860">
         <name>.text:UARTCC26XX_write</name>
         <load_address>0x21f4</load_address>
         <run_address>0x21f4</run_address>
         <size>0xe0</size>
         <input_file_ref idref="fl-17"/>
      </object_component>
      <object_component id="oc-35f">
         <name>.text:SwiP_construct</name>
         <load_address>0x22d4</load_address>
         <run_address>0x22d4</run_address>
         <size>0xd8</size>
         <input_file_ref idref="fl-1c"/>
      </object_component>
      <object_component id="oc-42e">
         <name>.text:UART2CC26X2_initIO</name>
         <load_address>0x23ac</load_address>
         <run_address>0x23ac</run_address>
         <size>0xd4</size>
         <input_file_ref idref="fl-16"/>
      </object_component>
      <object_component id="oc-269">
         <name>.text:GPIO_init</name>
         <load_address>0x2480</load_address>
         <run_address>0x2480</run_address>
         <size>0xc4</size>
         <input_file_ref idref="fl-11"/>
      </object_component>
      <object_component id="oc-434">
         <name>.text:Power_releaseDependency</name>
         <load_address>0x2544</load_address>
         <run_address>0x2544</run_address>
         <size>0xc0</size>
         <input_file_ref idref="fl-13"/>
      </object_component>
      <object_component id="oc-991">
         <name>.text:UARTCC26XX_initIO</name>
         <load_address>0x2604</load_address>
         <run_address>0x2604</run_address>
         <size>0xc0</size>
         <input_file_ref idref="fl-17"/>
      </object_component>
      <object_component id="oc-70e">
         <name>.text:TimerP_construct</name>
         <load_address>0x26c4</load_address>
         <run_address>0x26c4</run_address>
         <size>0xbc</size>
         <input_file_ref idref="fl-1e"/>
      </object_component>
      <object_component id="oc-33b">
         <name>.text:Power_setDependency</name>
         <load_address>0x2780</load_address>
         <run_address>0x2780</run_address>
         <size>0xb8</size>
         <input_file_ref idref="fl-13"/>
      </object_component>
      <object_component id="oc-98b">
         <name>.text:UARTCC26XX_initHw</name>
         <load_address>0x2838</load_address>
         <run_address>0x2838</run_address>
         <size>0xb8</size>
         <input_file_ref idref="fl-17"/>
      </object_component>
      <object_component id="oc-4c5">
         <name>.text:ClockP_startup</name>
         <load_address>0x28f0</load_address>
         <run_address>0x28f0</run_address>
         <size>0xb4</size>
         <input_file_ref idref="fl-1d"/>
      </object_component>
      <object_component id="oc-720">
         <name>.text:ClockP_workFuncDynamic</name>
         <load_address>0x29a4</load_address>
         <run_address>0x29a4</run_address>
         <size>0xac</size>
         <input_file_ref idref="fl-1d"/>
      </object_component>
      <object_component id="oc-390">
         <name>.text:PIN_open</name>
         <load_address>0x2a50</load_address>
         <run_address>0x2a50</run_address>
         <size>0xac</size>
         <input_file_ref idref="fl-12"/>
      </object_component>
      <object_component id="oc-db">
         <name>.text:TrimAfterColdResetWakeupFromShutDown</name>
         <load_address>0x2afc</load_address>
         <run_address>0x2afc</run_address>
         <size>0xac</size>
         <input_file_ref idref="fl-29"/>
      </object_component>
      <object_component id="oc-697">
         <name>.text:UART2Support_dmaStartTx</name>
         <load_address>0x2ba8</load_address>
         <run_address>0x2ba8</run_address>
         <size>0xac</size>
         <input_file_ref idref="fl-16"/>
      </object_component>
      <object_component id="oc-3c2">
         <name>.text:SemaphoreP_pend</name>
         <load_address>0x2c54</load_address>
         <run_address>0x2c54</run_address>
         <size>0xa0</size>
         <input_file_ref idref="fl-1b"/>
      </object_component>
      <object_component id="oc-7fc">
         <name>.text:SwiP_dispatch</name>
         <load_address>0x2cf4</load_address>
         <run_address>0x2cf4</run_address>
         <size>0x9c</size>
         <input_file_ref idref="fl-1c"/>
      </object_component>
      <object_component id="oc-68">
         <name>.text</name>
         <load_address>0x2d90</load_address>
         <run_address>0x2d90</run_address>
         <size>0x9c</size>
         <input_file_ref idref="fl-e3"/>
      </object_component>
      <object_component id="oc-86">
         <name>.text:NOROM_SetupTrimDevice</name>
         <load_address>0x2e2c</load_address>
         <run_address>0x2e2c</run_address>
         <size>0x98</size>
         <input_file_ref idref="fl-29"/>
      </object_component>
      <object_component id="oc-9e1">
         <name>.text:writeTxFifoFlush</name>
         <load_address>0x2ec4</load_address>
         <run_address>0x2ec4</run_address>
         <size>0x98</size>
         <input_file_ref idref="fl-17"/>
      </object_component>
      <object_component id="oc-8c0">
         <name>.text</name>
         <load_address>0x2f5c</load_address>
         <run_address>0x2f5c</run_address>
         <size>0x96</size>
         <input_file_ref idref="fl-e5"/>
      </object_component>
      <object_component id="oc-86c">
         <name>.text:UARTCC26XX_writeCancel</name>
         <load_address>0x2ff2</load_address>
         <run_address>0x2ff2</run_address>
         <size>0x92</size>
         <input_file_ref idref="fl-17"/>
      </object_component>
      <object_component id="oc-7ab">
         <name>.text:NOROM_OSCHF_AttemptToSwitchToXosc</name>
         <load_address>0x3084</load_address>
         <run_address>0x3084</run_address>
         <size>0x88</size>
         <input_file_ref idref="fl-27"/>
      </object_component>
      <object_component id="oc-51a">
         <name>.text:calibrateRcoscHf2</name>
         <load_address>0x310c</load_address>
         <run_address>0x310c</run_address>
         <size>0x88</size>
         <input_file_ref idref="fl-14"/>
      </object_component>
      <object_component id="oc-513">
         <name>.text:disableLFClockQualifiers</name>
         <load_address>0x3194</load_address>
         <run_address>0x3194</run_address>
         <size>0x88</size>
         <input_file_ref idref="fl-13"/>
      </object_component>
      <object_component id="oc-526">
         <name>.text:updateSubSecInc</name>
         <load_address>0x321c</load_address>
         <run_address>0x321c</run_address>
         <size>0x88</size>
         <input_file_ref idref="fl-14"/>
      </object_component>
      <object_component id="oc-396">
         <name>.text:Board_sendExtFlashByte</name>
         <load_address>0x32a4</load_address>
         <run_address>0x32a4</run_address>
         <size>0x84</size>
         <input_file_ref idref="fl-4"/>
      </object_component>
      <object_component id="oc-836">
         <name>.text:UARTCC26XX_close</name>
         <load_address>0x3328</load_address>
         <run_address>0x3328</run_address>
         <size>0x84</size>
         <input_file_ref idref="fl-17"/>
      </object_component>
      <object_component id="oc-4d1">
         <name>.text:ClockP_start</name>
         <load_address>0x33ac</load_address>
         <run_address>0x33ac</run_address>
         <size>0x80</size>
         <input_file_ref idref="fl-1d"/>
      </object_component>
      <object_component id="oc-2f5">
         <name>.text:HwiP_construct</name>
         <load_address>0x342c</load_address>
         <run_address>0x342c</run_address>
         <size>0x80</size>
         <input_file_ref idref="fl-1f"/>
      </object_component>
      <object_component id="oc-329">
         <name>.text:NOROM_ChipInfo_GetChipType</name>
         <load_address>0x34ac</load_address>
         <run_address>0x34ac</run_address>
         <size>0x80</size>
         <input_file_ref idref="fl-23"/>
      </object_component>
      <object_component id="oc-a3f">
         <name>.text:NOROM_SysCtrlSetRechargeBeforePowerDown</name>
         <load_address>0x352c</load_address>
         <run_address>0x352c</run_address>
         <size>0x80</size>
         <input_file_ref idref="fl-2a"/>
      </object_component>
      <object_component id="oc-c9">
         <name>.text</name>
         <load_address>0x35ac</load_address>
         <run_address>0x35ac</run_address>
         <size>0x7a</size>
         <input_file_ref idref="fl-e6"/>
      </object_component>
      <object_component id="oc-97c">
         <name>.text:SemaphoreP_destruct</name>
         <load_address>0x3626</load_address>
         <run_address>0x3626</run_address>
         <size>0x2</size>
         <input_file_ref idref="fl-1b"/>
      </object_component>
      <object_component id="oc-8dd">
         <name>.text:ClockP_walkQueueDynamic</name>
         <load_address>0x3628</load_address>
         <run_address>0x3628</run_address>
         <size>0x78</size>
         <input_file_ref idref="fl-1d"/>
      </object_component>
      <object_component id="oc-31c">
         <name>.text:PowerCC26X2_auxISR</name>
         <load_address>0x36a0</load_address>
         <run_address>0x36a0</run_address>
         <size>0x74</size>
         <input_file_ref idref="fl-14"/>
      </object_component>
      <object_component id="oc-68b">
         <name>.text:UART2CC26X2_readCallback</name>
         <load_address>0x3714</load_address>
         <run_address>0x3714</run_address>
         <size>0x74</size>
         <input_file_ref idref="fl-16"/>
      </object_component>
      <object_component id="oc-3fd">
         <name>.text:PIN_add</name>
         <load_address>0x3788</load_address>
         <run_address>0x3788</run_address>
         <size>0x70</size>
         <input_file_ref idref="fl-12"/>
      </object_component>
      <object_component id="oc-a55">
         <name>.text:split</name>
         <load_address>0x37f8</load_address>
         <run_address>0x37f8</run_address>
         <size>0x70</size>
         <input_file_ref idref="fl-ea"/>
      </object_component>
      <object_component id="oc-691">
         <name>.text:UART2Support_dmaStopTx</name>
         <load_address>0x3868</load_address>
         <run_address>0x3868</run_address>
         <size>0x6c</size>
         <input_file_ref idref="fl-16"/>
      </object_component>
      <object_component id="oc-7d1">
         <name>.text:NOROM_OSCHF_SwitchToRcOscTurnOffXosc</name>
         <load_address>0x38d4</load_address>
         <run_address>0x38d4</run_address>
         <size>0x68</size>
         <input_file_ref idref="fl-27"/>
      </object_component>
      <object_component id="oc-803">
         <name>.text:SwiP_post</name>
         <load_address>0x393c</load_address>
         <run_address>0x393c</run_address>
         <size>0x68</size>
         <input_file_ref idref="fl-1c"/>
      </object_component>
      <object_component id="oc-a09">
         <name>.text:TimerP_start</name>
         <load_address>0x39a4</load_address>
         <run_address>0x39a4</run_address>
         <size>0x68</size>
         <input_file_ref idref="fl-1e"/>
      </object_component>
      <object_component id="oc-20">
         <name>.text:decompress:lzss:__TI_decompress_lzss</name>
         <load_address>0x3a0c</load_address>
         <run_address>0x3a0c</run_address>
         <size>0x68</size>
         <input_file_ref idref="fl-e9"/>
      </object_component>
      <object_component id="oc-685">
         <name>.text:UART2Support_dmaStopRx</name>
         <load_address>0x3a74</load_address>
         <run_address>0x3a74</run_address>
         <size>0x64</size>
         <input_file_ref idref="fl-16"/>
      </object_component>
      <object_component id="oc-83c">
         <name>.text:UARTCC26XX_control</name>
         <load_address>0x3ad8</load_address>
         <run_address>0x3ad8</run_address>
         <size>0x64</size>
         <input_file_ref idref="fl-17"/>
      </object_component>
      <object_component id="oc-99d">
         <name>.text:UARTCC26XX_swiIntFxn</name>
         <load_address>0x3b3c</load_address>
         <run_address>0x3b3c</run_address>
         <size>0x62</size>
         <input_file_ref idref="fl-17"/>
      </object_component>
      <object_component id="oc-44f">
         <name>.text:UART2CC26X2_eventCallback</name>
         <load_address>0x3b9e</load_address>
         <run_address>0x3b9e</run_address>
         <size>0x2</size>
         <input_file_ref idref="fl-16"/>
      </object_component>
      <object_component id="oc-2ab">
         <name>.text:GPIO_write</name>
         <load_address>0x3ba0</load_address>
         <run_address>0x3ba0</run_address>
         <size>0x60</size>
         <input_file_ref idref="fl-11"/>
      </object_component>
      <object_component id="oc-5b0">
         <name>.text:PIN_remove</name>
         <load_address>0x3c00</load_address>
         <run_address>0x3c00</run_address>
         <size>0x5c</size>
         <input_file_ref idref="fl-12"/>
      </object_component>
      <object_component id="oc-9db">
         <name>.text:startTxFifoEmptyClk</name>
         <load_address>0x3c5c</load_address>
         <run_address>0x3c5c</run_address>
         <size>0x5c</size>
         <input_file_ref idref="fl-17"/>
      </object_component>
      <object_component id="oc-7a0">
         <name>.text:PowerCC26X2_initiateCalibration</name>
         <load_address>0x3cb8</load_address>
         <run_address>0x3cb8</run_address>
         <size>0x58</size>
         <input_file_ref idref="fl-14"/>
      </object_component>
      <object_component id="oc-63d">
         <name>.text:NOROM_PRCMPowerDomainsAllOff</name>
         <load_address>0x3d10</load_address>
         <run_address>0x3d10</run_address>
         <size>0x54</size>
         <input_file_ref idref="fl-28"/>
      </object_component>
      <object_component id="oc-55c">
         <name>.text:SemaphoreP_construct</name>
         <load_address>0x3d64</load_address>
         <run_address>0x3d64</run_address>
         <size>0x50</size>
         <input_file_ref idref="fl-1b"/>
      </object_component>
      <object_component id="oc-6bd">
         <name>.text:UART2Support_dmaRefreshRx</name>
         <load_address>0x3db4</load_address>
         <run_address>0x3db4</run_address>
         <size>0x50</size>
         <input_file_ref idref="fl-16"/>
      </object_component>
      <object_component id="oc-38a">
         <name>.text:Board_wakeUpExtFlash</name>
         <load_address>0x3e04</load_address>
         <run_address>0x3e04</run_address>
         <size>0x4c</size>
         <input_file_ref idref="fl-4"/>
      </object_component>
      <object_component id="oc-54c">
         <name>.text:NOROM_PRCMPowerDomainsAllOn</name>
         <load_address>0x3e50</load_address>
         <run_address>0x3e50</run_address>
         <size>0x4c</size>
         <input_file_ref idref="fl-28"/>
      </object_component>
      <object_component id="oc-85a">
         <name>.text:UARTCC26XX_readCancel</name>
         <load_address>0x3e9c</load_address>
         <run_address>0x3e9c</run_address>
         <size>0x4c</size>
         <input_file_ref idref="fl-17"/>
      </object_component>
      <object_component id="oc-43a">
         <name>.text:UDMACC26XX_open</name>
         <load_address>0x3ee8</load_address>
         <run_address>0x3ee8</run_address>
         <size>0x4c</size>
         <input_file_ref idref="fl-19"/>
      </object_component>
      <object_component id="oc-2e9">
         <name>.text:ClockP_construct</name>
         <load_address>0x3f34</load_address>
         <run_address>0x3f34</run_address>
         <size>0x48</size>
         <input_file_ref idref="fl-1d"/>
      </object_component>
      <object_component id="oc-a9c">
         <name>.text:PIN_setOutputEnable</name>
         <load_address>0x3f7c</load_address>
         <run_address>0x3f7c</run_address>
         <size>0x48</size>
         <input_file_ref idref="fl-12"/>
      </object_component>
      <object_component id="oc-310">
         <name>.text:PowerCC26X2_RCOSC_clockFunc</name>
         <load_address>0x3fc4</load_address>
         <run_address>0x3fc4</run_address>
         <size>0x48</size>
         <input_file_ref idref="fl-14"/>
      </object_component>
      <object_component id="oc-50a">
         <name>.text:switchXOSCHF</name>
         <load_address>0x400c</load_address>
         <run_address>0x400c</run_address>
         <size>0x48</size>
         <input_file_ref idref="fl-13"/>
      </object_component>
      <object_component id="oc-9af">
         <name>.text:writeFinishedDoCallback</name>
         <load_address>0x4054</load_address>
         <run_address>0x4054</run_address>
         <size>0x48</size>
         <input_file_ref idref="fl-17"/>
      </object_component>
      <object_component id="oc-679">
         <name>.text:RingBuf_put</name>
         <load_address>0x409c</load_address>
         <run_address>0x409c</run_address>
         <size>0x46</size>
         <input_file_ref idref="fl-10"/>
      </object_component>
      <object_component id="oc-4a2">
         <name>.text:_nop</name>
         <load_address>0x40e2</load_address>
         <run_address>0x40e2</run_address>
         <size>0x2</size>
         <input_file_ref idref="fl-f2"/>
      </object_component>
      <object_component id="oc-170">
         <name>.text:NOROM_ChipInfo_GetHwRevision</name>
         <load_address>0x40e4</load_address>
         <run_address>0x40e4</run_address>
         <size>0x44</size>
         <input_file_ref idref="fl-23"/>
      </object_component>
      <object_component id="oc-380">
         <name>.text:PIN_swi</name>
         <load_address>0x4128</load_address>
         <run_address>0x4128</run_address>
         <size>0x44</size>
         <input_file_ref idref="fl-12"/>
      </object_component>
      <object_component id="oc-3d4">
         <name>.text:SemaphoreP_post</name>
         <load_address>0x416c</load_address>
         <run_address>0x416c</run_address>
         <size>0x44</size>
         <input_file_ref idref="fl-1b"/>
      </object_component>
      <object_component id="oc-a37">
         <name>.text:SwiP_restore</name>
         <load_address>0x41b0</load_address>
         <run_address>0x41b0</run_address>
         <size>0x44</size>
         <input_file_ref idref="fl-1c"/>
      </object_component>
      <object_component id="oc-26f">
         <name>.text:UART_init</name>
         <load_address>0x41f4</load_address>
         <run_address>0x41f4</run_address>
         <size>0x44</size>
         <input_file_ref idref="fl-e"/>
      </object_component>
      <object_component id="oc-1f3">
         <name>.text:__TI_auto_init_nobinit_nopinit:__TI_auto_init_nobinit_nopinit</name>
         <load_address>0x4238</load_address>
         <run_address>0x4238</run_address>
         <size>0x44</size>
         <input_file_ref idref="fl-ee"/>
      </object_component>
      <object_component id="oc-252">
         <name>.text:Board_shutDownExtFlash</name>
         <load_address>0x427c</load_address>
         <run_address>0x427c</run_address>
         <size>0x40</size>
         <input_file_ref idref="fl-4"/>
      </object_component>
      <object_component id="oc-7bc">
         <name>.text:NOROM_OSC_HPOSCRelativeFrequencyOffsetGet</name>
         <load_address>0x42bc</load_address>
         <run_address>0x42bc</run_address>
         <size>0x40</size>
         <input_file_ref idref="fl-27"/>
      </object_component>
      <object_component id="oc-9c0">
         <name>.text:RingBuf_get</name>
         <load_address>0x42fc</load_address>
         <run_address>0x42fc</run_address>
         <size>0x40</size>
         <input_file_ref idref="fl-10"/>
      </object_component>
      <object_component id="oc-488">
         <name>.text:UART2_readFull</name>
         <load_address>0x433c</load_address>
         <run_address>0x433c</run_address>
         <size>0x40</size>
         <input_file_ref idref="fl-f"/>
      </object_component>
      <object_component id="oc-281">
         <name>.text:UART_open</name>
         <load_address>0x437c</load_address>
         <run_address>0x437c</run_address>
         <size>0x40</size>
         <input_file_ref idref="fl-e"/>
      </object_component>
      <object_component id="oc-6a3">
         <name>.text:RingBuf_putAdvance</name>
         <load_address>0x43bc</load_address>
         <run_address>0x43bc</run_address>
         <size>0x3e</size>
         <input_file_ref idref="fl-10"/>
      </object_component>
      <object_component id="oc-5e1">
         <name>.text:clkFxn</name>
         <load_address>0x43fa</load_address>
         <run_address>0x43fa</run_address>
         <size>0x2</size>
         <input_file_ref idref="fl-1b"/>
      </object_component>
      <object_component id="oc-5a3">
         <name>.text:PIN_setOutputValue</name>
         <load_address>0x43fc</load_address>
         <run_address>0x43fc</run_address>
         <size>0x3c</size>
         <input_file_ref idref="fl-12"/>
      </object_component>
      <object_component id="oc-403">
         <name>.text:PIN_setConfig</name>
         <load_address>0x4438</load_address>
         <run_address>0x4438</run_address>
         <size>0x38</size>
         <input_file_ref idref="fl-12"/>
      </object_component>
      <object_component id="oc-73a">
         <name>.text:TimerP_getCurrentTick</name>
         <load_address>0x4470</load_address>
         <run_address>0x4470</run_address>
         <size>0x38</size>
         <input_file_ref idref="fl-1e"/>
      </object_component>
      <object_component id="oc-8ba">
         <name>.text:TimerP_initDevice</name>
         <load_address>0x44a8</load_address>
         <run_address>0x44a8</run_address>
         <size>0x38</size>
         <input_file_ref idref="fl-1e"/>
      </object_component>
      <object_component id="oc-6e4">
         <name>.text:UART2Support_sendData</name>
         <load_address>0x44e0</load_address>
         <run_address>0x44e0</run_address>
         <size>0x38</size>
         <input_file_ref idref="fl-16"/>
      </object_component>
      <object_component id="oc-293">
         <name>.text:UART2_rxEnable</name>
         <load_address>0x4518</load_address>
         <run_address>0x4518</run_address>
         <size>0x38</size>
         <input_file_ref idref="fl-f"/>
      </object_component>
      <object_component id="oc-7b1">
         <name>.text:notify</name>
         <load_address>0x4550</load_address>
         <run_address>0x4550</run_address>
         <size>0x38</size>
         <input_file_ref idref="fl-13"/>
      </object_component>
      <object_component id="oc-a7f">
         <name>.text:readData</name>
         <load_address>0x4588</load_address>
         <run_address>0x4588</run_address>
         <size>0x38</size>
         <input_file_ref idref="fl-17"/>
      </object_component>
      <object_component id="oc-9d5">
         <name>.text:writeData</name>
         <load_address>0x45c0</load_address>
         <run_address>0x45c0</run_address>
         <size>0x38</size>
         <input_file_ref idref="fl-17"/>
      </object_component>
      <object_component id="oc-8f7">
         <name>.text:TimerP_setNextTick</name>
         <load_address>0x45f8</load_address>
         <run_address>0x45f8</run_address>
         <size>0x36</size>
         <input_file_ref idref="fl-1e"/>
      </object_component>
      <object_component id="oc-30a">
         <name>.text:emptyClockFunc</name>
         <load_address>0x462e</load_address>
         <run_address>0x462e</run_address>
         <size>0x2</size>
         <input_file_ref idref="fl-13"/>
      </object_component>
      <object_component id="oc-781">
         <name>.text:ClockP_getTicksUntilInterrupt</name>
         <load_address>0x4630</load_address>
         <run_address>0x4630</run_address>
         <size>0x34</size>
         <input_file_ref idref="fl-1d"/>
      </object_component>
      <object_component id="oc-177">
         <name>.text:NOROM_AUXSYSIFOpModeChange</name>
         <load_address>0x4664</load_address>
         <run_address>0x4664</run_address>
         <size>0x34</size>
         <input_file_ref idref="fl-2b"/>
      </object_component>
      <object_component id="oc-4e0">
         <name>.text:NOROM_IntRegister</name>
         <load_address>0x4698</load_address>
         <run_address>0x4698</run_address>
         <size>0x34</size>
         <input_file_ref idref="fl-26"/>
      </object_component>
      <object_component id="oc-793">
         <name>.text:NOROM_SysCtrlIdle</name>
         <load_address>0x46cc</load_address>
         <run_address>0x46cc</run_address>
         <size>0x34</size>
         <input_file_ref idref="fl-2a"/>
      </object_component>
      <object_component id="oc-6c9">
         <name>.text:RingBuf_getConsume</name>
         <load_address>0x4700</load_address>
         <run_address>0x4700</run_address>
         <size>0x34</size>
         <input_file_ref idref="fl-10"/>
      </object_component>
      <object_component id="oc-69d">
         <name>.text:RingBuf_putPointer</name>
         <load_address>0x4734</load_address>
         <run_address>0x4734</run_address>
         <size>0x34</size>
         <input_file_ref idref="fl-10"/>
      </object_component>
      <object_component id="oc-976">
         <name>.text:SwiP_destruct</name>
         <load_address>0x4768</load_address>
         <run_address>0x4768</run_address>
         <size>0x34</size>
         <input_file_ref idref="fl-1c"/>
      </object_component>
      <object_component id="oc-a85">
         <name>.text:readData2RingBuf</name>
         <load_address>0x479c</load_address>
         <run_address>0x479c</run_address>
         <size>0x34</size>
         <input_file_ref idref="fl-17"/>
      </object_component>
      <object_component id="oc-3e6">
         <name>.text:GPIO_hwiIntFxn</name>
         <load_address>0x47d0</load_address>
         <run_address>0x47d0</run_address>
         <size>0x30</size>
         <input_file_ref idref="fl-11"/>
      </object_component>
      <object_component id="oc-3ce">
         <name>.text:GPIO_setCallback</name>
         <load_address>0x4800</load_address>
         <run_address>0x4800</run_address>
         <size>0x30</size>
         <input_file_ref idref="fl-11"/>
      </object_component>
      <object_component id="oc-636">
         <name>.text:PINCC26XX_setMux</name>
         <load_address>0x4830</load_address>
         <run_address>0x4830</run_address>
         <size>0x30</size>
         <input_file_ref idref="fl-12"/>
      </object_component>
      <object_component id="oc-6a9">
         <name>.text:Power_releaseConstraint</name>
         <load_address>0x4860</load_address>
         <run_address>0x4860</run_address>
         <size>0x30</size>
         <input_file_ref idref="fl-13"/>
      </object_component>
      <object_component id="oc-2fb">
         <name>.text:Power_setConstraint</name>
         <load_address>0x4890</load_address>
         <run_address>0x4890</run_address>
         <size>0x30</size>
         <input_file_ref idref="fl-13"/>
      </object_component>
      <object_component id="oc-f4">
         <name>.text:_c_int00:_c_int00</name>
         <load_address>0x48c0</load_address>
         <run_address>0x48c0</run_address>
         <size>0x30</size>
         <input_file_ref idref="fl-ec"/>
      </object_component>
      <object_component id="oc-46e">
         <name>.text:UART2Support_enableInts</name>
         <load_address>0x48f0</load_address>
         <run_address>0x48f0</run_address>
         <size>0x2e</size>
         <input_file_ref idref="fl-16"/>
      </object_component>
      <object_component id="oc-4e">
         <name>.text:faultISR</name>
         <load_address>0x491e</load_address>
         <run_address>0x491e</run_address>
         <size>0x2</size>
         <input_file_ref idref="fl-21"/>
      </object_component>
      <object_component id="oc-a26">
         <name>.text:TimerP_setThreshold</name>
         <load_address>0x4920</load_address>
         <run_address>0x4920</run_address>
         <size>0x2c</size>
         <input_file_ref idref="fl-1e"/>
      </object_component>
      <object_component id="oc-6c3">
         <name>.text:RingBuf_getPointer</name>
         <load_address>0x494c</load_address>
         <run_address>0x494c</run_address>
         <size>0x2a</size>
         <input_file_ref idref="fl-10"/>
      </object_component>
      <object_component id="oc-54">
         <name>.text:intDefaultHandler</name>
         <load_address>0x4976</load_address>
         <run_address>0x4976</run_address>
         <size>0x2</size>
         <input_file_ref idref="fl-21"/>
      </object_component>
      <object_component id="oc-446">
         <name>.text:Power_registerNotify</name>
         <load_address>0x4978</load_address>
         <run_address>0x4978</run_address>
         <size>0x28</size>
         <input_file_ref idref="fl-13"/>
      </object_component>
      <object_component id="oc-81c">
         <name>.text:free_list_insert</name>
         <load_address>0x49a0</load_address>
         <run_address>0x49a0</run_address>
         <size>0x28</size>
         <input_file_ref idref="fl-ea"/>
      </object_component>
      <object_component id="oc-316">
         <name>.text:oscillatorISR</name>
         <load_address>0x49c8</load_address>
         <run_address>0x49c8</run_address>
         <size>0x28</size>
         <input_file_ref idref="fl-13"/>
      </object_component>
      <object_component id="oc-66a">
         <name>.text:List_put</name>
         <load_address>0x49f0</load_address>
         <run_address>0x49f0</run_address>
         <size>0x26</size>
         <input_file_ref idref="fl-18"/>
      </object_component>
      <object_component id="oc-a67">
         <name>.text:List_remove</name>
         <load_address>0x4a16</load_address>
         <run_address>0x4a16</run_address>
         <size>0x26</size>
         <input_file_ref idref="fl-18"/>
      </object_component>
      <object_component id="oc-746">
         <name>.text:ClockP_getTicks</name>
         <load_address>0x4a3c</load_address>
         <run_address>0x4a3c</run_address>
         <size>0x24</size>
         <input_file_ref idref="fl-1d"/>
      </object_component>
      <object_component id="oc-740">
         <name>.text:ClockP_scheduleNextTick</name>
         <load_address>0x4a60</load_address>
         <run_address>0x4a60</run_address>
         <size>0x24</size>
         <input_file_ref idref="fl-1d"/>
      </object_component>
      <object_component id="oc-4e9">
         <name>.text:HwiP_dispatch</name>
         <load_address>0x4a84</load_address>
         <run_address>0x4a84</run_address>
         <size>0x24</size>
         <input_file_ref idref="fl-1f"/>
      </object_component>
      <object_component id="oc-504">
         <name>.text:NOROM_OSCHF_TurnOnXosc</name>
         <load_address>0x4aa8</load_address>
         <run_address>0x4aa8</run_address>
         <size>0x24</size>
         <input_file_ref idref="fl-27"/>
      </object_component>
      <object_component id="oc-714">
         <name>.text:TimerP_getMaxTicks</name>
         <load_address>0x4acc</load_address>
         <run_address>0x4acc</run_address>
         <size>0x24</size>
         <input_file_ref idref="fl-1e"/>
      </object_component>
      <object_component id="oc-922">
         <name>.text:getTdcSemaphore</name>
         <load_address>0x4af0</load_address>
         <run_address>0x4af0</run_address>
         <size>0x24</size>
         <input_file_ref idref="fl-14"/>
      </object_component>
      <object_component id="oc-1d4">
         <name>.text:Board_init</name>
         <load_address>0x4b14</load_address>
         <run_address>0x4b14</run_address>
         <size>0x20</size>
         <input_file_ref idref="fl-4"/>
      </object_component>
      <object_component id="oc-5c9">
         <name>.text:ClockP_add</name>
         <load_address>0x4b34</load_address>
         <run_address>0x4b34</run_address>
         <size>0x20</size>
         <input_file_ref idref="fl-1d"/>
      </object_component>
      <object_component id="oc-34d">
         <name>.text:PINCC26XX_setIoCfgMux</name>
         <load_address>0x4b54</load_address>
         <run_address>0x4b54</run_address>
         <size>0x20</size>
         <input_file_ref idref="fl-12"/>
      </object_component>
      <object_component id="oc-982">
         <name>.text:Power_unregisterNotify</name>
         <load_address>0x4b74</load_address>
         <run_address>0x4b74</run_address>
         <size>0x20</size>
         <input_file_ref idref="fl-13"/>
      </object_component>
      <object_component id="oc-4cb">
         <name>.text:QueueP_put</name>
         <load_address>0x4b94</load_address>
         <run_address>0x4b94</run_address>
         <size>0x20</size>
         <input_file_ref idref="fl-22"/>
      </object_component>
      <object_component id="oc-8d1">
         <name>.text:TimerP_dynamicStub</name>
         <load_address>0x4bb4</load_address>
         <run_address>0x4bb4</run_address>
         <size>0x20</size>
         <input_file_ref idref="fl-1e"/>
      </object_component>
      <object_component id="oc-422">
         <name>.text:UART2CC26X2_getPowerMgrId</name>
         <load_address>0x4bd4</load_address>
         <run_address>0x4bd4</run_address>
         <size>0x20</size>
         <input_file_ref idref="fl-16"/>
      </object_component>
      <object_component id="oc-29f">
         <name>.text:UART2_read</name>
         <load_address>0x4bf4</load_address>
         <run_address>0x4bf4</run_address>
         <size>0x20</size>
         <input_file_ref idref="fl-f"/>
      </object_component>
      <object_component id="oc-9cc">
         <name>.text:threadSafeStdbyDisRelease</name>
         <load_address>0x4c14</load_address>
         <run_address>0x4c14</run_address>
         <size>0x20</size>
         <input_file_ref idref="fl-17"/>
      </object_component>
      <object_component id="oc-9c6">
         <name>.text:threadSafeStdbyDisSet</name>
         <load_address>0x4c34</load_address>
         <run_address>0x4c34</run_address>
         <size>0x20</size>
         <input_file_ref idref="fl-17"/>
      </object_component>
      <object_component id="oc-39c">
         <name>.text:PIN_close</name>
         <load_address>0x4c54</load_address>
         <run_address>0x4c54</run_address>
         <size>0x1e</size>
         <input_file_ref idref="fl-12"/>
      </object_component>
      <object_component id="oc-787">
         <name>.text:Power_getTransitionLatency</name>
         <load_address>0x4c72</load_address>
         <run_address>0x4c72</run_address>
         <size>0x1e</size>
         <input_file_ref idref="fl-13"/>
      </object_component>
      <object_component id="oc-341">
         <name>.text:SemaphoreP_constructBinary</name>
         <load_address>0x4c90</load_address>
         <run_address>0x4c90</run_address>
         <size>0x1e</size>
         <input_file_ref idref="fl-1b"/>
      </object_component>
      <object_component id="oc-591">
         <name>.text:SwiP_or</name>
         <load_address>0x4cae</load_address>
         <run_address>0x4cae</run_address>
         <size>0x1e</size>
         <input_file_ref idref="fl-1c"/>
      </object_component>
      <object_component id="oc-970">
         <name>.text:HwiP_destruct</name>
         <load_address>0x4ccc</load_address>
         <run_address>0x4ccc</run_address>
         <size>0x1c</size>
         <input_file_ref idref="fl-1f"/>
      </object_component>
      <object_component id="oc-16a">
         <name>.text:NOROM_ChipInfo_GetChipFamily</name>
         <load_address>0x4ce8</load_address>
         <run_address>0x4ce8</run_address>
         <size>0x1c</size>
         <input_file_ref idref="fl-23"/>
      </object_component>
      <object_component id="oc-377">
         <name>.text:PIN_hwi</name>
         <load_address>0x4d04</load_address>
         <run_address>0x4d04</run_address>
         <size>0x1c</size>
         <input_file_ref idref="fl-12"/>
      </object_component>
      <object_component id="oc-a2d">
         <name>.text:SwiP_disable</name>
         <load_address>0x4d20</load_address>
         <run_address>0x4d20</run_address>
         <size>0x1c</size>
         <input_file_ref idref="fl-1c"/>
      </object_component>
      <object_component id="oc-644">
         <name>.text:UDMACC26XX_initHw</name>
         <load_address>0x4d3c</load_address>
         <run_address>0x4d3c</run_address>
         <size>0x1c</size>
         <input_file_ref idref="fl-19"/>
      </object_component>
      <object_component id="oc-816">
         <name>.text:free_list_remove</name>
         <load_address>0x4d58</load_address>
         <run_address>0x4d58</run_address>
         <size>0x1c</size>
         <input_file_ref idref="fl-ea"/>
      </object_component>
      <object_component id="oc-4fc">
         <name>.text:PowerCC26XX_calibrate</name>
         <load_address>0x4d74</load_address>
         <run_address>0x4d74</run_address>
         <size>0x1a</size>
         <input_file_ref idref="fl-13"/>
      </object_component>
      <object_component id="oc-94f">
         <name>.text:QueueP_get</name>
         <load_address>0x4d8e</load_address>
         <run_address>0x4d8e</run_address>
         <size>0x1a</size>
         <input_file_ref idref="fl-22"/>
      </object_component>
      <object_component id="oc-3aa">
         <name>.text:SemaphoreP_createBinary</name>
         <load_address>0x4da8</load_address>
         <run_address>0x4da8</run_address>
         <size>0x1a</size>
         <input_file_ref idref="fl-1b"/>
      </object_component>
      <object_component id="oc-5db">
         <name>.text:ClockP_destruct</name>
         <load_address>0x4dc2</load_address>
         <run_address>0x4dc2</run_address>
         <size>0x18</size>
         <input_file_ref idref="fl-1d"/>
      </object_component>
      <object_component id="oc-48">
         <name>.text:nmiISR</name>
         <load_address>0x4dda</load_address>
         <run_address>0x4dda</run_address>
         <size>0x2</size>
         <input_file_ref idref="fl-21"/>
      </object_component>
      <object_component id="oc-5ed">
         <name>.text:HwiP_inISR</name>
         <load_address>0x4ddc</load_address>
         <run_address>0x4ddc</run_address>
         <size>0x18</size>
         <input_file_ref idref="fl-1f"/>
      </object_component>
      <object_component id="oc-32f">
         <name>.text:NOROM_ChipInfo_GetPackageType</name>
         <load_address>0x4df4</load_address>
         <run_address>0x4df4</run_address>
         <size>0x18</size>
         <input_file_ref idref="fl-23"/>
      </object_component>
      <object_component id="oc-941">
         <name>.text:Power_idleFunc</name>
         <load_address>0x4e0c</load_address>
         <run_address>0x4e0c</run_address>
         <size>0x18</size>
         <input_file_ref idref="fl-13"/>
      </object_component>
      <object_component id="oc-8c5">
         <name>.text:TimerP_startup</name>
         <load_address>0x4e24</load_address>
         <run_address>0x4e24</run_address>
         <size>0x18</size>
         <input_file_ref idref="fl-1e"/>
      </object_component>
      <object_component id="oc-287">
         <name>.text:UART2_Params_init</name>
         <load_address>0x4e3c</load_address>
         <run_address>0x4e3c</run_address>
         <size>0x18</size>
         <input_file_ref idref="fl-f"/>
      </object_component>
      <object_component id="oc-27b">
         <name>.text:UART_Params_init</name>
         <load_address>0x4e54</load_address>
         <run_address>0x4e54</run_address>
         <size>0x18</size>
         <input_file_ref idref="fl-e"/>
      </object_component>
      <object_component id="oc-18f">
         <name>.text:_args_main</name>
         <load_address>0x4e6c</load_address>
         <run_address>0x4e6c</run_address>
         <size>0x18</size>
         <input_file_ref idref="fl-f3"/>
      </object_component>
      <object_component id="oc-8f1">
         <name>.text</name>
         <load_address>0x4e84</load_address>
         <run_address>0x4e84</run_address>
         <size>0x18</size>
         <input_file_ref idref="fl-e2"/>
      </object_component>
      <object_component id="oc-2a5">
         <name>.text:strcmp</name>
         <load_address>0x4e9c</load_address>
         <run_address>0x4e9c</run_address>
         <size>0x18</size>
         <input_file_ref idref="fl-eb"/>
      </object_component>
      <object_component id="oc-304">
         <name>.text:switchToTCXO</name>
         <load_address>0x4eb4</load_address>
         <run_address>0x4eb4</run_address>
         <size>0x18</size>
         <input_file_ref idref="fl-13"/>
      </object_component>
      <object_component id="oc-d5">
         <name>.text:NOROM_ThisLibraryIsFor_CC13x2_CC26x2_HwRev20AndLater_HaltIfViolated</name>
         <load_address>0x4ecc</load_address>
         <run_address>0x4ecc</run_address>
         <size>0x16</size>
         <input_file_ref idref="fl-23"/>
      </object_component>
      <object_component id="oc-5b9">
         <name>.text:SemaphoreP_create</name>
         <load_address>0x4ee2</load_address>
         <run_address>0x4ee2</run_address>
         <size>0x16</size>
         <input_file_ref idref="fl-1b"/>
      </object_component>
      <object_component id="oc-949">
         <name>.text:maxbit</name>
         <load_address>0x4ef8</load_address>
         <run_address>0x4ef8</run_address>
         <size>0x16</size>
         <input_file_ref idref="fl-1c"/>
      </object_component>
      <object_component id="oc-a03">
         <name>.text</name>
         <load_address>0x4f0e</load_address>
         <run_address>0x4f0e</run_address>
         <size>0x2</size>
         <input_file_ref idref="fl-ed"/>
      </object_component>
      <object_component id="oc-a5e">
         <name>.text:NOROM_IntUnregister</name>
         <load_address>0x4f10</load_address>
         <run_address>0x4f10</run_address>
         <size>0x14</size>
         <input_file_ref idref="fl-26"/>
      </object_component>
      <object_component id="oc-335">
         <name>.text:PINCC26XX_getPinCount</name>
         <load_address>0x4f24</load_address>
         <run_address>0x4f24</run_address>
         <size>0x14</size>
         <input_file_ref idref="fl-12"/>
      </object_component>
      <object_component id="oc-52c">
         <name>.text:PowerCC26X2_calibrate</name>
         <load_address>0x4f38</load_address>
         <run_address>0x4f38</run_address>
         <size>0x14</size>
         <input_file_ref idref="fl-14"/>
      </object_component>
      <object_component id="oc-5f3">
         <name>.text:Power_disablePolicy</name>
         <load_address>0x4f4c</load_address>
         <run_address>0x4f4c</run_address>
         <size>0x14</size>
         <input_file_ref idref="fl-13"/>
      </object_component>
      <object_component id="oc-57e">
         <name>.text:SwiP_handleHwi</name>
         <load_address>0x4f60</load_address>
         <run_address>0x4f60</run_address>
         <size>0x14</size>
         <input_file_ref idref="fl-1c"/>
      </object_component>
      <object_component id="oc-8eb">
         <name>.text:TimerP_getCount64</name>
         <load_address>0x4f74</load_address>
         <run_address>0x4f74</run_address>
         <size>0x14</size>
         <input_file_ref idref="fl-1e"/>
      </object_component>
      <object_component id="oc-185">
         <name>.text:main</name>
         <load_address>0x4f88</load_address>
         <run_address>0x4f88</run_address>
         <size>0x14</size>
         <input_file_ref idref="fl-2"/>
      </object_component>
      <object_component id="oc-2d">
         <name>.text:resetISR</name>
         <load_address>0x4f9c</load_address>
         <run_address>0x4f9c</run_address>
         <size>0x14</size>
         <input_file_ref idref="fl-21"/>
      </object_component>
      <object_component id="oc-353">
         <name>.text:HwiP_Params_init</name>
         <load_address>0x4fb0</load_address>
         <run_address>0x4fb0</run_address>
         <size>0x12</size>
         <input_file_ref idref="fl-1f"/>
      </object_component>
      <object_component id="oc-428">
         <name>.text:RingBuf_construct</name>
         <load_address>0x4fc2</load_address>
         <run_address>0x4fc2</run_address>
         <size>0x12</size>
         <input_file_ref idref="fl-10"/>
      </object_component>
      <object_component id="oc-467">
         <name>.text:UART2CC26X2_writeTimeout</name>
         <load_address>0x4fd4</load_address>
         <run_address>0x4fd4</run_address>
         <size>0x12</size>
         <input_file_ref idref="fl-16"/>
      </object_component>
      <object_component id="oc-2ef">
         <name>.text:ClockP_Params_init</name>
         <load_address>0x4fe8</load_address>
         <run_address>0x4fe8</run_address>
         <size>0x10</size>
         <input_file_ref idref="fl-1d"/>
      </object_component>
      <object_component id="oc-654">
         <name>.text:ClockP_getCpuFreq</name>
         <load_address>0x4ff8</load_address>
         <run_address>0x4ff8</run_address>
         <size>0x10</size>
         <input_file_ref idref="fl-1d"/>
      </object_component>
      <object_component id="oc-3b0">
         <name>.text:HwiP_disable</name>
         <load_address>0x5008</load_address>
         <run_address>0x5008</run_address>
         <size>0x10</size>
         <input_file_ref idref="fl-1f"/>
      </object_component>
      <object_component id="oc-6de">
         <name>.text:HwiP_interruptsEnabled</name>
         <load_address>0x5018</load_address>
         <run_address>0x5018</run_address>
         <size>0x10</size>
         <input_file_ref idref="fl-1f"/>
      </object_component>
      <object_component id="oc-95c">
         <name>.text:HwiP_post</name>
         <load_address>0x5028</load_address>
         <run_address>0x5028</run_address>
         <size>0x10</size>
         <input_file_ref idref="fl-1f"/>
      </object_component>
      <object_component id="oc-906">
         <name>.text:PowerCC26XX_schedulerDisable</name>
         <load_address>0x5038</load_address>
         <run_address>0x5038</run_address>
         <size>0x10</size>
         <input_file_ref idref="fl-20"/>
      </object_component>
      <object_component id="oc-5cf">
         <name>.text:Power_enablePolicy</name>
         <load_address>0x5048</load_address>
         <run_address>0x5048</run_address>
         <size>0x10</size>
         <input_file_ref idref="fl-13"/>
      </object_component>
      <object_component id="oc-556">
         <name>.text:SemaphoreP_Params_init</name>
         <load_address>0x5058</load_address>
         <run_address>0x5058</run_address>
         <size>0x10</size>
         <input_file_ref idref="fl-1b"/>
      </object_component>
      <object_component id="oc-359">
         <name>.text:SwiP_Params_init</name>
         <load_address>0x5068</load_address>
         <run_address>0x5068</run_address>
         <size>0x10</size>
         <input_file_ref idref="fl-1c"/>
      </object_component>
      <object_component id="oc-708">
         <name>.text:TimerP_Params_init</name>
         <load_address>0x5078</load_address>
         <run_address>0x5078</run_address>
         <size>0x10</size>
         <input_file_ref idref="fl-1e"/>
      </object_component>
      <object_component id="oc-455">
         <name>.text:UART2CC26X2_postNotifyFxn</name>
         <load_address>0x5088</load_address>
         <run_address>0x5088</run_address>
         <size>0x10</size>
         <input_file_ref idref="fl-16"/>
      </object_component>
      <object_component id="oc-461">
         <name>.text:UART2CC26X2_readTimeout</name>
         <load_address>0x5098</load_address>
         <run_address>0x5098</run_address>
         <size>0x10</size>
         <input_file_ref idref="fl-16"/>
      </object_component>
      <object_component id="oc-67f">
         <name>.text:UART2Support_rxStatus2ErrorCode</name>
         <load_address>0x50a8</load_address>
         <run_address>0x50a8</run_address>
         <size>0x10</size>
         <input_file_ref idref="fl-16"/>
      </object_component>
      <object_component id="oc-6ea">
         <name>.text:UART2Support_txDone</name>
         <load_address>0x50b8</load_address>
         <run_address>0x50b8</run_address>
         <size>0x10</size>
         <input_file_ref idref="fl-16"/>
      </object_component>
      <object_component id="oc-9b5">
         <name>.text:uartPostNotify</name>
         <load_address>0x50c8</load_address>
         <run_address>0x50c8</run_address>
         <size>0x10</size>
         <input_file_ref idref="fl-17"/>
      </object_component>
      <object_component id="oc-955">
         <name>.text:QueueP_empty</name>
         <load_address>0x50d8</load_address>
         <run_address>0x50d8</run_address>
         <size>0xe</size>
         <input_file_ref idref="fl-22"/>
      </object_component>
      <object_component id="oc-826">
         <name>.text:QueueP_remove</name>
         <load_address>0x50e6</load_address>
         <run_address>0x50e6</run_address>
         <size>0xe</size>
         <input_file_ref idref="fl-22"/>
      </object_component>
      <object_component id="oc-2b7">
         <name>.text:UART2_write</name>
         <load_address>0x50f4</load_address>
         <run_address>0x50f4</run_address>
         <size>0xe</size>
         <input_file_ref idref="fl-f"/>
      </object_component>
      <object_component id="oc-26">
         <name>.text:decompress:none:__TI_decompress_none</name>
         <load_address>0x5102</load_address>
         <run_address>0x5102</run_address>
         <size>0xe</size>
         <input_file_ref idref="fl-e8"/>
      </object_component>
      <object_component id="oc-726">
         <name>.text:ClockP_doTick</name>
         <load_address>0x5110</load_address>
         <run_address>0x5110</run_address>
         <size>0xc</size>
         <input_file_ref idref="fl-1d"/>
      </object_component>
      <object_component id="oc-2e3">
         <name>.text:ClockP_getSystemTickPeriod</name>
         <load_address>0x511c</load_address>
         <run_address>0x511c</run_address>
         <size>0xc</size>
         <input_file_ref idref="fl-1d"/>
      </object_component>
      <object_component id="oc-80">
         <name>.text:NOROM_CPUcpsid</name>
         <load_address>0x5128</load_address>
         <run_address>0x5128</run_address>
         <size>0xc</size>
         <input_file_ref idref="fl-24"/>
      </object_component>
      <object_component id="oc-262">
         <name>.text:NOROM_CPUcpsie</name>
         <load_address>0x5134</load_address>
         <run_address>0x5134</run_address>
         <size>0xc</size>
         <input_file_ref idref="fl-24"/>
      </object_component>
      <object_component id="oc-3c8">
         <name>.text:PIN_registerIntCb</name>
         <load_address>0x5140</load_address>
         <run_address>0x5140</run_address>
         <size>0xc</size>
         <input_file_ref idref="fl-12"/>
      </object_component>
      <object_component id="oc-90c">
         <name>.text:PowerCC26XX_schedulerRestore</name>
         <load_address>0x514c</load_address>
         <run_address>0x514c</run_address>
         <size>0xc</size>
         <input_file_ref idref="fl-20"/>
      </object_component>
      <object_component id="oc-77b">
         <name>.text:Power_getConstraintMask</name>
         <load_address>0x5158</load_address>
         <run_address>0x5158</run_address>
         <size>0xc</size>
         <input_file_ref idref="fl-13"/>
      </object_component>
      <object_component id="oc-912">
         <name>.text:Power_getDependencyCount</name>
         <load_address>0x5164</load_address>
         <run_address>0x5164</run_address>
         <size>0xc</size>
         <input_file_ref idref="fl-13"/>
      </object_component>
      <object_component id="oc-59a">
         <name>.text:SwiP_getTrigger</name>
         <load_address>0x5170</load_address>
         <run_address>0x5170</run_address>
         <size>0xc</size>
         <input_file_ref idref="fl-1c"/>
      </object_component>
      <object_component id="oc-71a">
         <name>.text:TimerP_getFreq</name>
         <load_address>0x517c</load_address>
         <run_address>0x517c</run_address>
         <size>0xc</size>
         <input_file_ref idref="fl-1e"/>
      </object_component>
      <object_component id="oc-6f0">
         <name>.text:UART2Support_disableTx</name>
         <load_address>0x5188</load_address>
         <run_address>0x5188</run_address>
         <size>0xc</size>
         <input_file_ref idref="fl-16"/>
      </object_component>
      <object_component id="oc-474">
         <name>.text:UART2Support_enableRx</name>
         <load_address>0x5194</load_address>
         <run_address>0x5194</run_address>
         <size>0xc</size>
         <input_file_ref idref="fl-16"/>
      </object_component>
      <object_component id="oc-6d8">
         <name>.text:UART2Support_enableTx</name>
         <load_address>0x51a0</load_address>
         <run_address>0x51a0</run_address>
         <size>0xc</size>
         <input_file_ref idref="fl-16"/>
      </object_component>
      <object_component id="oc-7a">
         <name>.text:decompress:ZI:__TI_zero_init</name>
         <load_address>0x51ac</load_address>
         <run_address>0x51ac</run_address>
         <size>0xc</size>
         <input_file_ref idref="fl-e7"/>
      </object_component>
      <object_component id="oc-8ab">
         <name>.text:NOROM_CPUprimask</name>
         <load_address>0x51b8</load_address>
         <run_address>0x51b8</run_address>
         <size>0xa</size>
         <input_file_ref idref="fl-24"/>
      </object_component>
      <object_component id="oc-299">
         <name>.text:UART_read</name>
         <load_address>0x51c2</load_address>
         <run_address>0x51c2</run_address>
         <size>0xa</size>
         <input_file_ref idref="fl-e"/>
      </object_component>
      <object_component id="oc-2b1">
         <name>.text:UART_write</name>
         <load_address>0x51cc</load_address>
         <run_address>0x51cc</run_address>
         <size>0xa</size>
         <input_file_ref idref="fl-e"/>
      </object_component>
      <object_component id="oc-64d">
         <name>.text:UDMACC26XX_hwiIntFxn</name>
         <load_address>0x51d6</load_address>
         <run_address>0x51d6</run_address>
         <size>0xa</size>
         <input_file_ref idref="fl-19"/>
      </object_component>
      <object_component id="oc-9a9">
         <name>.text:readSemCallback</name>
         <load_address>0x51e0</load_address>
         <run_address>0x51e0</run_address>
         <size>0xa</size>
         <input_file_ref idref="fl-17"/>
      </object_component>
      <object_component id="oc-3b6">
         <name>.text:HwiP_restore</name>
         <load_address>0x51ea</load_address>
         <run_address>0x51ea</run_address>
         <size>0x8</size>
         <input_file_ref idref="fl-1f"/>
      </object_component>
      <object_component id="oc-842">
         <name>.text:UARTCC26XX_init</name>
         <load_address>0x51f2</load_address>
         <run_address>0x51f2</run_address>
         <size>0x8</size>
         <input_file_ref idref="fl-17"/>
      </object_component>
      <object_component id="oc-80f">
         <name>.text:malloc</name>
         <load_address>0x51fa</load_address>
         <run_address>0x51fa</run_address>
         <size>0x8</size>
         <input_file_ref idref="fl-ea"/>
      </object_component>
      <object_component id="oc-9a3">
         <name>.text:writeSemCallback</name>
         <load_address>0x5202</load_address>
         <run_address>0x5202</run_address>
         <size>0x8</size>
         <input_file_ref idref="fl-17"/>
      </object_component>
      <object_component id="oc-6cf">
         <name>.text:ClockP_stop</name>
         <load_address>0x520a</load_address>
         <run_address>0x520a</run_address>
         <size>0x6</size>
         <input_file_ref idref="fl-1d"/>
      </object_component>
      <object_component id="oc-5a9">
         <name>.text:NOROM_CPUdelay</name>
         <load_address>0x5210</load_address>
         <run_address>0x5210</run_address>
         <size>0x6</size>
         <input_file_ref idref="fl-24"/>
      </object_component>
      <object_component id="oc-56c">
         <name>.text:QueueP_init</name>
         <load_address>0x5216</load_address>
         <run_address>0x5216</run_address>
         <size>0x6</size>
         <input_file_ref idref="fl-22"/>
      </object_component>
      <object_component id="oc-480">
         <name>.text:UART2Support_powerSetConstraint</name>
         <load_address>0x521c</load_address>
         <run_address>0x521c</run_address>
         <size>0x6</size>
         <input_file_ref idref="fl-16"/>
      </object_component>
      <object_component id="oc-854">
         <name>.text:UARTCC26XX_readPolling</name>
         <load_address>0x5222</load_address>
         <run_address>0x5222</run_address>
         <size>0x6</size>
         <input_file_ref idref="fl-17"/>
      </object_component>
      <object_component id="oc-866">
         <name>.text:UARTCC26XX_writePolling</name>
         <load_address>0x5228</load_address>
         <run_address>0x5228</run_address>
         <size>0x6</size>
         <input_file_ref idref="fl-17"/>
      </object_component>
      <object_component id="oc-7cb">
         <name>.text:delayUs</name>
[...]
         <object_component_ref idref="oc-59a"/>
      </symbol>
      <symbol id="sm-b85">
         <name>SwiP_construct</name>
         <value>0x22d5</value>
         <object_component_ref idref="oc-35f"/>
      </symbol>
      <symbol id="sm-b86">
         <name>SwiP_Params_init</name>
         <value>0x5069</value>
         <object_component_ref idref="oc-359"/>
      </symbol>
      <symbol id="sm-b87">
         <name>SwiP_post</name>
         <value>0x393d</value>
         <object_component_ref idref="oc-803"/>
      </symbol>
      <symbol id="sm-b88">
         <name>SwiP_dispatch</name>
         <value>0x2cf5</value>
         <object_component_ref idref="oc-7fc"/>
      </symbol>
      <symbol id="sm-c77">
         <name>ClockP_doTick</name>
         <value>0x5111</value>
         <object_component_ref idref="oc-726"/>
      </symbol>
      <symbol id="sm-c78">
         <name>ClockP_setTimeout</name>
         <value>0x523d</value>
         <object_component_ref idref="oc-6b7"/>
      </symbol>
      <symbol id="sm-c79">
         <name>ClockP_startup</name>
         <value>0x28f1</value>
         <object_component_ref idref="oc-4c5"/>
      </symbol>
      <symbol id="sm-c7a">
         <name>ClockP_stop</name>
         <value>0x520b</value>
         <object_component_ref idref="oc-6cf"/>
      </symbol>
      <symbol id="sm-c7b">
         <name>ClockP_construct</name>
         <value>0x3f35</value>
         <object_component_ref idref="oc-2e9"/>
      </symbol>
      <symbol id="sm-c7c">
         <name>ClockP_scheduleNextTick</name>
         <value>0x4a61</value>
         <object_component_ref idref="oc-740"/>
      </symbol>
      <symbol id="sm-c7d">
         <name>ClockP_getTicksUntilInterrupt</name>
         <value>0x4631</value>
         <object_component_ref idref="oc-781"/>
      </symbol>
      <symbol id="sm-c7e">
         <name>ClockP_tickPeriod</name>
         <value>0x200009a4</value>
         <object_component_ref idref="oc-4c1"/>
      </symbol>
      <symbol id="sm-c7f">
         <name>ClockP_Params_init</name>
         <value>0x4fe9</value>
         <object_component_ref idref="oc-2ef"/>
      </symbol>
      <symbol id="sm-c80">
         <name>ClockP_workFuncDynamic</name>
         <value>0x29a5</value>
         <object_component_ref idref="oc-720"/>
      </symbol>
      <symbol id="sm-c81">
         <name>ClockP_walkQueueDynamic</name>
         <value>0x3629</value>
         <object_component_ref idref="oc-8dd"/>
      </symbol>
      <symbol id="sm-c82">
         <name>ClockP_destruct</name>
         <value>0x4dc3</value>
         <object_component_ref idref="oc-5db"/>
      </symbol>
      <symbol id="sm-c83">
         <name>ClockP_start</name>
         <value>0x33ad</value>
         <object_component_ref idref="oc-4d1"/>
      </symbol>
      <symbol id="sm-c84">
         <name>ClockP_isActive</name>
         <value>0x5239</value>
         <object_component_ref idref="oc-5d5"/>
      </symbol>
      <symbol id="sm-c85">
         <name>ClockP_getSystemTickPeriod</name>
         <value>0x511d</value>
         <object_component_ref idref="oc-2e3"/>
      </symbol>
      <symbol id="sm-c86">
         <name>ClockP_getCpuFreq</name>
         <value>0x4ff9</value>
         <object_component_ref idref="oc-654"/>
      </symbol>
      <symbol id="sm-c87">
         <name>ClockP_getTicks</name>
         <value>0x4a3d</value>
         <object_component_ref idref="oc-746"/>
      </symbol>
      <symbol id="sm-c88">
         <name>ClockP_add</name>
         <value>0x4b35</value>
         <object_component_ref idref="oc-5c9"/>
      </symbol>
      <symbol id="sm-d2f">
         <name>TimerP_setNextTick</name>
         <value>0x45f9</value>
         <object_component_ref idref="oc-8f7"/>
      </symbol>
      <symbol id="sm-d30">
         <name>TimerP_getCurrentTick</name>
         <value>0x4471</value>
         <object_component_ref idref="oc-73a"/>
      </symbol>
      <symbol id="sm-d31">
         <name>TimerP_getCount64</name>
         <value>0x4f75</value>
         <object_component_ref idref="oc-8eb"/>
      </symbol>
      <symbol id="sm-d32">
         <name>TimerP_setThreshold</name>
         <value>0x4921</value>
         <object_component_ref idref="oc-a26"/>
      </symbol>
      <symbol id="sm-d33">
         <name>TimerP_dynamicStub</name>
         <value>0x4bb5</value>
         <object_component_ref idref="oc-8d1"/>
      </symbol>
      <symbol id="sm-d34">
         <name>TimerP_getMaxTicks</name>
         <value>0x4acd</value>
         <object_component_ref idref="oc-714"/>
      </symbol>
      <symbol id="sm-d35">
         <name>TimerP_construct</name>
         <value>0x26c5</value>
         <object_component_ref idref="oc-70e"/>
      </symbol>
      <symbol id="sm-d36">
         <name>TimerP_getFreq</name>
         <value>0x517d</value>
         <object_component_ref idref="oc-71a"/>
      </symbol>
      <symbol id="sm-d37">
         <name>TimerP_initDevice</name>
         <value>0x44a9</value>
         <object_component_ref idref="oc-8ba"/>
      </symbol>
      <symbol id="sm-d38">
         <name>TimerP_startup</name>
         <value>0x4e25</value>
         <object_component_ref idref="oc-8c5"/>
      </symbol>
      <symbol id="sm-d39">
         <name>TimerP_start</name>
         <value>0x39a5</value>
         <object_component_ref idref="oc-a09"/>
      </symbol>
      <symbol id="sm-d3a">
         <name>TimerP_Params_init</name>
         <value>0x5079</value>
         <object_component_ref idref="oc-708"/>
      </symbol>
      <symbol id="sm-db8">
         <name>HwiP_construct</name>
         <value>0x342d</value>
         <object_component_ref idref="oc-2f5"/>
      </symbol>
      <symbol id="sm-db9">
         <name>HwiP_inISR</name>
         <value>0x4ddd</value>
         <object_component_ref idref="oc-5ed"/>
      </symbol>
      <symbol id="sm-dba">
         <name>HwiP_destruct</name>
         <value>0x4ccd</value>
         <object_component_ref idref="oc-970"/>
      </symbol>
      <symbol id="sm-dbb">
         <name>HwiP_swiPIntNum</name>
         <value>0x200009b4</value>
         <object_component_ref idref="oc-4ef"/>
      </symbol>
      <symbol id="sm-dbc">
         <name>HwiP_Params_init</name>
         <value>0x4fb1</value>
         <object_component_ref idref="oc-353"/>
      </symbol>
      <symbol id="sm-dbd">
         <name>HwiP_disable</name>
         <value>0x5009</value>
         <object_component_ref idref="oc-3b0"/>
      </symbol>
      <symbol id="sm-dbe">
         <name>HwiP_interruptsEnabled</name>
         <value>0x5019</value>
         <object_component_ref idref="oc-6de"/>
      </symbol>
      <symbol id="sm-dbf">
         <name>HwiP_post</name>
         <value>0x5029</value>
         <object_component_ref idref="oc-95c"/>
      </symbol>
      <symbol id="sm-dc0">
         <name>HwiP_enable</name>
         <value>0x5241</value>
         <object_component_ref idref="oc-1da"/>
      </symbol>
      <symbol id="sm-dc1">
         <name>HwiP_restore</name>
         <value>0x51eb</value>
         <object_component_ref idref="oc-3b6"/>
      </symbol>
      <symbol id="sm-dfb">
         <name>PowerCC26XX_schedulerDisable</name>
         <value>0x5039</value>
         <object_component_ref idref="oc-906"/>
      </symbol>
      <symbol id="sm-dfc">
         <name>PowerCC26XX_schedulerRestore</name>
         <value>0x514d</value>
         <object_component_ref idref="oc-90c"/>
      </symbol>
      <symbol id="sm-dfd">
         <name>PowerCC26XX_standbyPolicy</name>
         <value>0x2115</value>
         <object_component_ref idref="oc-4f6"/>
      </symbol>
      <symbol id="sm-e2e">
         <name>resetISR</name>
         <value>0x4f9d</value>
         <object_component_ref idref="oc-2d"/>
      </symbol>
      <symbol id="sm-e2f">
         <name>g_pfnVectors</name>
         <value>0x0</value>
         <object_component_ref idref="oc-1d"/>
      </symbol>
      <symbol id="sm-e6c">
         <name>QueueP_next</name>
         <value>0x5249</value>
         <object_component_ref idref="oc-a1d"/>
      </symbol>
      <symbol id="sm-e6d">
         <name>QueueP_put</name>
         <value>0x4b95</value>
         <object_component_ref idref="oc-4cb"/>
      </symbol>
      <symbol id="sm-e6e">
         <name>QueueP_remove</name>
         <value>0x50e7</value>
         <object_component_ref idref="oc-826"/>
      </symbol>
      <symbol id="sm-e6f">
         <name>QueueP_head</name>
         <value>0x5245</value>
         <object_component_ref idref="oc-a17"/>
      </symbol>
      <symbol id="sm-e70">
         <name>QueueP_init</name>
         <value>0x5217</value>
         <object_component_ref idref="oc-56c"/>
      </symbol>
      <symbol id="sm-e71">
         <name>QueueP_empty</name>
         <value>0x50d9</value>
         <object_component_ref idref="oc-955"/>
      </symbol>
      <symbol id="sm-e72">
         <name>QueueP_get</name>
         <value>0x4d8f</value>
         <object_component_ref idref="oc-94f"/>
      </symbol>
      <symbol id="sm-ec3">
         <name>NOROM_ChipInfo_GetChipType</name>
         <value>0x34ad</value>
         <object_component_ref idref="oc-329"/>
      </symbol>
      <symbol id="sm-ec4">
         <name>NOROM_ChipInfo_GetHwRevision</name>
         <value>0x40e5</value>
         <object_component_ref idref="oc-170"/>
      </symbol>
      <symbol id="sm-ec5">
         <name>NOROM_ChipInfo_GetChipFamily</name>
         <value>0x4ce9</value>
         <object_component_ref idref="oc-16a"/>
      </symbol>
      <symbol id="sm-ec6">
         <name>NOROM_ChipInfo_GetPackageType</name>
         <value>0x4df5</value>
         <object_component_ref idref="oc-32f"/>
      </symbol>
      <symbol id="sm-ec7">
         <name>NOROM_ThisLibraryIsFor_CC13x2_CC26x2_HwRev20AndLater_HaltIfViolated</name>
         <value>0x4ecd</value>
         <object_component_ref idref="oc-d5"/>
      </symbol>
      <symbol id="sm-ee3">
         <name>NOROM_CPUprimask</name>
         <value>0x51b9</value>
         <object_component_ref idref="oc-8ab"/>
      </symbol>
      <symbol id="sm-ee4">
         <name>NOROM_CPUdelay</name>
         <value>0x5211</value>
         <object_component_ref idref="oc-5a9"/>
      </symbol>
      <symbol id="sm-ee5">
         <name>NOROM_CPUcpsie</name>
         <value>0x5135</value>
         <object_component_ref idref="oc-262"/>
      </symbol>
      <symbol id="sm-ee6">
         <name>NOROM_CPUcpsid</name>
         <value>0x5129</value>
         <object_component_ref idref="oc-80"/>
      </symbol>
      <symbol id="sm-eec">
         <name>driverlib_release_0_60278</name>
         <value>0x200006c1</value>
      </symbol>
      <symbol id="sm-f19">
         <name>NOROM_IntUnregister</name>
         <value>0x4f11</value>
         <object_component_ref idref="oc-a5e"/>
      </symbol>
      <symbol id="sm-f1a">
         <name>NOROM_IntRegister</name>
         <value>0x4699</value>
         <object_component_ref idref="oc-4e0"/>
      </symbol>
      <symbol id="sm-f1b">
         <name>g_pfnRAMVectors</name>
         <value>0x20000a00</value>
         <object_component_ref idref="oc-762"/>
      </symbol>
      <symbol id="sm-f69">
         <name>NOROM_OSCHF_TurnOnXosc</name>
         <value>0x4aa9</value>
         <object_component_ref idref="oc-504"/>
      </symbol>
      <symbol id="sm-f6a">
         <name>NOROM_OSCHF_AttemptToSwitchToXosc</name>
         <value>0x3085</value>
         <object_component_ref idref="oc-7ab"/>
      </symbol>
      <symbol id="sm-f6b">
         <name>_hposcCoeffs</name>
         <value>0x20000934</value>
         <object_component_ref idref="oc-7a7"/>
      </symbol>
      <symbol id="sm-f6c">
         <name>NOROM_OSCHF_SwitchToRcOscTurnOffXosc</name>
         <value>0x38d5</value>
         <object_component_ref idref="oc-7d1"/>
      </symbol>
      <symbol id="sm-f6d">
         <name>NOROM_OSC_HPOSCRelativeFrequencyOffsetGet</name>
         <value>0x42bd</value>
         <object_component_ref idref="oc-7bc"/>
      </symbol>
      <symbol id="sm-f8f">
         <name>NOROM_PRCMPowerDomainsAllOn</name>
         <value>0x3e51</value>
         <object_component_ref idref="oc-54c"/>
      </symbol>
      <symbol id="sm-f90">
         <name>NOROM_PRCMPowerDomainsAllOff</name>
         <value>0x3d11</value>
         <object_component_ref idref="oc-63d"/>
      </symbol>
      <symbol id="sm-fbe">
         <name>NOROM_SetupTrimDevice</name>
         <value>0x2e2d</value>
         <object_component_ref idref="oc-86"/>
      </symbol>
      <symbol id="sm-ff8">
         <name>NOROM_SysCtrlSetRechargeBeforePowerDown</name>
         <value>0x352d</value>
         <object_component_ref idref="oc-a3f"/>
      </symbol>
      <symbol id="sm-ff9">
         <name>NOROM_SysCtrlIdle</name>
         <value>0x46cd</value>
         <object_component_ref idref="oc-793"/>
      </symbol>
      <symbol id="sm-ffa">
         <name>NOROM_SysCtrlStandby</name>
         <value>0x1e59</value>
         <object_component_ref idref="oc-918"/>
      </symbol>
      <symbol id="sm-1017">
         <name>NOROM_AUXSYSIFOpModeChange</name>
         <value>0x4665</value>
         <object_component_ref idref="oc-177"/>
      </symbol>
      <symbol id="sm-1021">
         <name>__aeabi_lmul</name>
         <value>0x4e85</value>
         <object_component_ref idref="oc-8f1"/>
      </symbol>
      <symbol id="sm-103c">
         <name>memcpy</name>
         <value>0x2d91</value>
         <object_component_ref idref="oc-68"/>
      </symbol>
      <symbol id="sm-103d">
         <name>__aeabi_memcpy</name>
         <value>0x2d91</value>
         <object_component_ref idref="oc-68"/>
      </symbol>
      <symbol id="sm-103e">
         <name>__aeabi_memcpy8</name>
         <value>0x2d91</value>
         <object_component_ref idref="oc-68"/>
      </symbol>
      <symbol id="sm-103f">
         <name>__aeabi_memcpy4</name>
         <value>0x2d91</value>
         <object_component_ref idref="oc-68"/>
      </symbol>
      <symbol id="sm-104d">
         <name>__aeabi_uldivmod</name>
         <value>0x2f5d</value>
         <object_component_ref idref="oc-8c0"/>
      </symbol>
      <symbol id="sm-105c">
         <name>__aeabi_memset</name>
         <value>0x35af</value>
         <object_component_ref idref="oc-c9"/>
      </symbol>
      <symbol id="sm-105d">
         <name>memset</name>
         <value>0x35b5</value>
         <object_component_ref idref="oc-c9"/>
      </symbol>
      <symbol id="sm-105e">
         <name>__aeabi_memset8</name>
         <value>0x35af</value>
         <object_component_ref idref="oc-c9"/>
      </symbol>
      <symbol id="sm-105f">
         <name>__aeabi_memset4</name>
         <value>0x35af</value>
         <object_component_ref idref="oc-c9"/>
      </symbol>
      <symbol id="sm-1060">
         <name>__aeabi_memclr8</name>
         <value>0x35ad</value>
         <object_component_ref idref="oc-c9"/>
      </symbol>
      <symbol id="sm-1061">
         <name>__aeabi_memclr4</name>
         <value>0x35ad</value>
         <object_component_ref idref="oc-c9"/>
      </symbol>
      <symbol id="sm-1062">
         <name>__aeabi_memclr</name>
         <value>0x35ad</value>
         <object_component_ref idref="oc-c9"/>
      </symbol>
      <symbol id="sm-1074">
         <name>__TI_zero_init</name>
         <value>0x51ad</value>
         <object_component_ref idref="oc-7a"/>
      </symbol>
      <symbol id="sm-108b">
         <name>__TI_decompress_none</name>
         <value>0x5103</value>
         <object_component_ref idref="oc-26"/>
      </symbol>
      <symbol id="sm-10ae">
         <name>__TI_decompress_lzss</name>
         <value>0x3a0d</value>
         <object_component_ref idref="oc-20"/>
      </symbol>
      <symbol id="sm-1137">
         <name>_sys_memory</name>
         <value>0x20001870</value>
         <object_component_ref idref="oc-42"/>
      </symbol>
      <symbol id="sm-1138">
         <name>free</name>
         <value>0x2031</value>
         <object_component_ref idref="oc-5c2"/>
      </symbol>
      <symbol id="sm-1139">
         <name>memalign</name>
         <value>0x1d59</value>
         <object_component_ref idref="oc-963"/>
      </symbol>
      <symbol id="sm-113a">
         <name>malloc</name>
         <value>0x51fb</value>
         <object_component_ref idref="oc-80f"/>
      </symbol>
      <symbol id="sm-113b">
         <name>aligned_alloc</name>
         <value>0x1d59</value>
         <object_component_ref idref="oc-963"/>
      </symbol>
      <symbol id="sm-114a">
         <name>strcmp</name>
         <value>0x4e9d</value>
         <object_component_ref idref="oc-2a5"/>
      </symbol>
      <symbol id="sm-115d">
         <name>__stack</name>
         <value>0x20013c00</value>
         <object_component_ref idref="oc-45"/>
      </symbol>
      <symbol id="sm-115e">
         <name>_c_int00</name>
         <value>0x48c1</value>
         <object_component_ref idref="oc-f4"/>
      </symbol>
      <symbol id="sm-1168">
         <name>__aeabi_idiv0</name>
         <value>0x4f0f</value>
         <object_component_ref idref="oc-a03"/>
      </symbol>
      <symbol id="sm-1169">
         <name>__aeabi_ldiv0</name>
         <value>0x4f0f</value>
         <object_component_ref idref="oc-a03"/>
      </symbol>
      <symbol id="sm-1191">
         <name>__TI_auto_init_nobinit_nopinit</name>
         <value>0x4239</value>
         <object_component_ref idref="oc-1f3"/>
      </symbol>
      <symbol id="sm-119b">
         <name>_system_pre_init</name>
         <value>0x5251</value>
         <object_component_ref idref="oc-17f"/>
      </symbol>
      <symbol id="sm-11a7">
         <name>C$$EXIT</name>
         <value>0x5255</value>
         <object_component_ref idref="oc-1e7"/>
      </symbol>
      <symbol id="sm-11a8">
         <name>abort</name>
         <value>0x5255</value>
         <object_component_ref idref="oc-1e7"/>
      </symbol>
      <symbol id="sm-11bd">
         <name>_nop</name>
         <value>0x40e3</value>
         <object_component_ref idref="oc-4a2"/>
      </symbol>
      <symbol id="sm-11be">
         <name>_lock</name>
         <value>0x20000970</value>
         <object_component_ref idref="oc-2c2"/>
      </symbol>
      <symbol id="sm-11bf">
         <name>_unlock</name>
         <value>0x20000974</value>
         <object_component_ref idref="oc-2c2"/>
      </symbol>
      <symbol id="sm-11d3">
         <name>_args_main</name>
         <value>0x4e6d</value>
         <object_component_ref idref="oc-18f"/>
      </symbol>
      <symbol id="sm-11d4">
         <name>__TI_static_base__</name>
         <value>0x0</value>
      </symbol>
      <symbol id="sm-11d7">
         <name>ITM_flush</name>
         <value>0x0</value>
      </symbol>
      <symbol id="sm-11d8">
         <name>ITM_restore</name>
         <value>0x0</value>
      </symbol>
      <symbol id="sm-11d9">
         <name>__mpu_init</name>
         <value>0x0</value>
      </symbol>
      <symbol id="sm-11da">
         <name>_system_post_cinit</name>
         <value>0x0</value>
      </symbol>
      <symbol id="sm-11db">
         <name>NoRTOS_start</name>
         <value>0x5241</value>
      </symbol>
   </symbol_table>
   <title>Link successful</title>
</link_info>
